../Core/Src/main.c:87:5:main	8	static
../Core/Src/main.c:152:6:SystemClock_Config	88	static
../Core/Src/main.c:199:13:MX_ADC1_Init	56	static
../Core/Src/main.c:267:13:MX_LPUART1_UART_Init	8	static
../Core/Src/main.c:314:13:MX_TIM3_Init	40	static
../Core/Src/main.c:359:13:MX_TIM8_Init	120	static
../Core/Src/main.c:439:13:MX_DMA_Init	16	static
../Core/Src/main.c:458:13:MX_GPIO_Init	48	static
../Core/Src/main.c:495:6:ADC_Averaged	16	static
../Core/Src/main.c:507:6:MotorControl	24	static
../Core/Src/main.c:533:7:PlantSimulation	40	static
../Core/Src/main.c:550:6:Error_Handler	4	static,ignoring_inline_asm
