../Core/Src/main.c:133:5:main	32	static
../Core/Src/main.c:243:6:SystemClock_Config	88	static
../Core/Src/main.c:290:13:MX_ADC1_Init	56	static
../Core/Src/main.c:358:13:MX_LPUART1_UART_Init	8	static
../Core/Src/main.c:405:13:MX_TIM3_Init	40	static
../Core/Src/main.c:450:13:MX_TIM4_Init	56	static
../Core/Src/main.c:499:13:MX_TIM5_Init	40	static
../Core/Src/main.c:544:13:MX_TIM8_Init	120	static
../Core/Src/main.c:632:13:MX_DMA_Init	16	static
../Core/Src/main.c:651:13:MX_GPIO_Init	48	static
../Core/Src/main.c:688:6:ADC_Averaged	16	static
../Core/Src/main.c:700:6:MotorControl	24	static
../Core/Src/main.c:726:6:MotorControl2	24	static
../Core/Src/main.c:758:6:HAL_TIM_PeriodElapsedCallback	24	static
../Core/Src/main.c:766:10:micros	12	static
../Core/Src/main.c:771:6:QEIEncoderPosVel_Update	24	static
../Core/Src/main.c:801:6:UARTInterruptConfig	8	static
../Core/Src/main.c:806:6:HAL_UART_RxCpltCallback	16	static
../Core/Src/main.c:821:6:Error_Handler	4	static,ignoring_inline_asm
